brkitr/char.brk
brkitr/en.res
brkitr/en_US.res
brkitr/fi.res
brkitr/ja.res
brkitr/line.brk
brkitr/line_fi.brk
brkitr/res_index.res
brkitr/root.res
brkitr/sent.brk
brkitr/thaidict.ctd
brkitr/title.brk
brkitr/word.brk
brkitr/word_ja.brk
cnvalias.icu
coll/da.res
coll/de.res
coll/en.res
coll/en_GB.res
coll/en_US.res
coll/es.res
coll/fi.res
coll/fr.res
coll/invuca.icu
coll/it.res
coll/ja.res
coll/ko.res
coll/nb.res
coll/nl.res
coll/pl.res
coll/pt.res
coll/pt_BR.res
coll/pt_PT.res
coll/res_index.res
coll/root.res
coll/ru.res
coll/sv.res
coll/ucadata.icu
coll/zh.res
coll/zh_Hans.res
coll/zh_Hans_CN.res
coll/zh_Hant.res
coll/zh_Hant_TW.res
confusables.cfu
curr/da.res
curr/de.res
curr/en.res
curr/es.res
curr/fi.res
curr/fr.res
curr/it.res
curr/ja.res
curr/ko.res
curr/nb.res
curr/nl.res
curr/no.res
curr/pl.res
curr/pool.res
curr/pt.res
curr/pt_PT.res
curr/root.res
curr/ru.res
curr/sv.res
curr/zh.res
curr/zh_CN.res
curr/zh_Hans.res
curr/zh_Hans_CN.res
curr/zh_Hant.res
curr/zh_Hant_TW.res
curr/zh_TW.res
da.res
de.res
en.res
en_GB.res
en_US.res
es.res
fi.res
fr.res
gb18030.cnv
ibm-1089_P100-1995.cnv
ibm-1373_P100-2002.cnv
ibm-1383_P110-1999.cnv
ibm-33722_P12A_P12A-2004_U2.cnv
ibm-5354_P100-1998.cnv
ibm-878_P100-1996.cnv
ibm-9005_X110-2007.cnv
ibm-943_P15A-2003.cnv
ibm-9447_P100-2002.cnv
ibm-970_P110_P110-2006_U2.cnv
icustd.res
icuver.res
it.res
ja.res
keyTypeData.res
ko.res
lang/da.res
lang/de.res
lang/en.res
lang/es.res
lang/fi.res
lang/fr.res
lang/it.res
lang/ja.res
lang/ko.res
lang/nb.res
lang/nl.res
lang/no.res
lang/pl.res
lang/pool.res
lang/pt.res
lang/pt_PT.res
lang/root.res
lang/ru.res
lang/sv.res
lang/zh.res
lang/zh_CN.res
lang/zh_Hans.res
lang/zh_Hans_CN.res
lang/zh_Hant.res
lang/zh_Hant_TW.res
lang/zh_TW.res
likelySubtags.res
metaZones.res
nb.res
nfc.nrm
nfkc.nrm
nfkc_cf.nrm
nl.res
no.res
numberingSystems.res
pl.res
plurals.res
pnames.icu
pool.res
pt.res
pt_BR.res
pt_PT.res
rbnf/da.res
rbnf/de.res
rbnf/en.res
rbnf/es.res
rbnf/fi.res
rbnf/fr.res
rbnf/it.res
rbnf/ja.res
rbnf/ko.res
rbnf/nb.res
rbnf/nl.res
rbnf/pl.res
rbnf/pt.res
rbnf/pt_PT.res
rbnf/res_index.res
rbnf/root.res
rbnf/ru.res
rbnf/sv.res
rbnf/zh.res
rbnf/zh_Hant.res
region/da.res
region/de.res
region/en.res
region/es.res
region/fi.res
region/fr.res
region/it.res
region/ja.res
region/ko.res
region/nb.res
region/nl.res
region/no.res
region/pl.res
region/pool.res
region/pt.res
region/pt_PT.res
region/root.res
region/ru.res
region/sv.res
region/zh.res
region/zh_CN.res
region/zh_Hans.res
region/zh_Hans_CN.res
region/zh_Hant.res
region/zh_Hant_TW.res
region/zh_TW.res
res_index.res
rfc3491.spp
root.res
ru.res
supplementalData.res
sv.res
timezoneTypes.res
unames.icu
uts46.nrm
windows-874-2000.cnv
windows-950-2000.cnv
windowsZones.res
zh.res
zh_CN.res
zh_Hans.res
zh_Hans_CN.res
zh_Hant.res
zh_Hant_TW.res
zh_TW.res
zone/da.res
zone/de.res
zone/en.res
zone/en_GB.res
zone/es.res
zone/fi.res
zone/fr.res
zone/it.res
zone/ja.res
zone/ko.res
zone/nb.res
zone/nl.res
zone/no.res
zone/pl.res
zone/pool.res
zone/pt.res
zone/pt_PT.res
zone/root.res
zone/ru.res
zone/sv.res
zone/zh.res
zone/zh_CN.res
zone/zh_Hans.res
zone/zh_Hans_CN.res
zone/zh_Hant.res
zone/zh_Hant_TW.res
zone/zh_TW.res
zoneinfo64.res
